FQBN: esp32:esp32:esp32c3
Using board 'esp32c3' from platform in folder: /home/project/.arduino15/packages/esp32/hardware/esp32/3.3.11
Using core 'esp32' from platform in folder: /home/project/.arduino15/packages/esp32/hardware/esp32/3.3.11

/usr/bin/env bash -c "[ ! -f \"/home/project/.arduino15/packages/esp32/hardware/esp32/3.3.11\"/tools/partitions/default.csv ] || cp -f \"/home/project/.arduino15/packages/esp32/hardware/esp32/3.3.11\"/tools/partitions/default.csv \"/home/project/.cache/arduino/sketches/BAB928B8ACD70F85A8D15A77B4A15147\"/partitions.csv"
/usr/bin/env bash -c "[ ! -f \"/home/project/.arduino15/packages/esp32/hardware/esp32/3.3.11/variants/esp32c3\"/partitions.csv ] || cp -f \"/home/project/.arduino15/packages/esp32/hardware/esp32/3.3.11/variants/esp32c3\"/partitions.csv \"/home/project/.cache/arduino/sketches/BAB928B8ACD70F85A8D15A77B4A15147\"/partitions.csv"
/usr/bin/env bash -c "[ ! -f \"/home/project/Desktop/CuKD-XAI/deployment/hardware_hil/build/train_only_student_A_seed42_esp32c3_copy\"/partitions.csv ] || cp -f \"/home/project/Desktop/CuKD-XAI/deployment/hardware_hil/build/train_only_student_A_seed42_esp32c3_copy\"/partitions.csv \"/home/project/.cache/arduino/sketches/BAB928B8ACD70F85A8D15A77B4A15147\"/partitions.csv"
/usr/bin/env bash -c "[ -f \"/home/project/Desktop/CuKD-XAI/deployment/hardware_hil/build/train_only_student_A_seed42_esp32c3_copy\"/bootloader.bin ] && cp -f \"/home/project/Desktop/CuKD-XAI/deployment/hardware_hil/build/train_only_student_A_seed42_esp32c3_copy\"/bootloader.bin \"/home/project/.cache/arduino/sketches/BAB928B8ACD70F85A8D15A77B4A15147\"/train_only_student_A_seed42_esp32c3_copy.ino.bootloader.bin || ( [ -f \"/home/project/.arduino15/packages/esp32/hardware/esp32/3.3.11/variants/esp32c3\"/bootloader.bin ] && cp \"/home/project/.arduino15/packages/esp32/hardware/esp32/3.3.11/variants/esp32c3\"/bootloader.bin \"/home/project/.cache/arduino/sketches/BAB928B8ACD70F85A8D15A77B4A15147\"/train_only_student_A_seed42_esp32c3_copy.ino.bootloader.bin || \"/home/project/.arduino15/packages/esp32/tools/esptool_py/5.3.1\"/esptool --chip esp32c3 elf2image --flash-mode dio --flash-freq 80m --flash-size 4MB -o \"/home/project/.cache/arduino/sketches/BAB928B8ACD70F85A8D15A77B4A15147\"/train_only_student_A_seed42_esp32c3_copy.ino.bootloader.bin \"/home/project/.arduino15/packages/esp32/tools/esp32c3-libs/3.3.11\"/bin/bootloader_qio_80m.elf )"
esptool v5.3.1
Creating ESP32-C3 image...
Merged 2 ELF sections.
Successfully created ESP32-C3 image.
/usr/bin/env bash -c "[ ! -f \"/home/project/Desktop/CuKD-XAI/deployment/hardware_hil/build/train_only_student_A_seed42_esp32c3_copy\"/build_opt.h ] || cp -f \"/home/project/Desktop/CuKD-XAI/deployment/hardware_hil/build/train_only_student_A_seed42_esp32c3_copy\"/build_opt.h \"/home/project/.cache/arduino/sketches/BAB928B8ACD70F85A8D15A77B4A15147\"/build_opt.h"
/usr/bin/env bash -c "[ -f \"/home/project/.cache/arduino/sketches/BAB928B8ACD70F85A8D15A77B4A15147\"/build_opt.h ] || : > \"/home/project/.cache/arduino/sketches/BAB928B8ACD70F85A8D15A77B4A15147\"/build_opt.h"
/usr/bin/env bash -c ": > '/home/project/.cache/arduino/sketches/BAB928B8ACD70F85A8D15A77B4A15147/file_opts'"
/usr/bin/env bash -c "cp -f \"/home/project/.arduino15/packages/esp32/tools/esp32c3-libs/3.3.11\"/sdkconfig \"/home/project/.cache/arduino/sketches/BAB928B8ACD70F85A8D15A77B4A15147\"/sdkconfig"
Detecting libraries used...
Using cached library dependencies for file: /home/project/.cache/arduino/sketches/BAB928B8ACD70F85A8D15A77B4A15147/sketch/train_only_student_A_seed42_esp32c3_copy.ino.cpp.merged
Using cached library dependencies for file: /home/project/.cache/arduino/sketches/BAB928B8ACD70F85A8D15A77B4A15147/sketch/cukd_model.c
Using cached library dependencies for file: /home/project/.cache/arduino/sketches/BAB928B8ACD70F85A8D15A77B4A15147/sketch/cukd_preprocess.c
Using cached library dependencies for file: /home/project/.cache/arduino/sketches/BAB928B8ACD70F85A8D15A77B4A15147/sketch/cukd_protocol.c
Generating function prototypes...
Using cached sketch with function prototypes.
Compiling sketch...
Using previously compiled file: /home/project/.cache/arduino/sketches/BAB928B8ACD70F85A8D15A77B4A15147/sketch/cukd_model.c.o
Using previously compiled file: /home/project/.cache/arduino/sketches/BAB928B8ACD70F85A8D15A77B4A15147/sketch/cukd_protocol.c.o
Using previously compiled file: /home/project/.cache/arduino/sketches/BAB928B8ACD70F85A8D15A77B4A15147/sketch/cukd_preprocess.c.o
Using previously compiled file: /home/project/.cache/arduino/sketches/BAB928B8ACD70F85A8D15A77B4A15147/sketch/train_only_student_A_seed42_esp32c3_copy.ino.cpp.o
Compiling libraries...
Compiling core...
/usr/bin/env bash -c "echo -DARDUINO_CORE_BUILD > '/home/project/.cache/arduino/sketches/BAB928B8ACD70F85A8D15A77B4A15147/file_opts'"
Using precompiled core: /home/project/.cache/arduino/cores/esp32_esp32_esp32c3_7f0ab2bc92863ca30f14083bb6aee33f/core.a
/usr/bin/env bash -c ": > '/home/project/.cache/arduino/sketches/BAB928B8ACD70F85A8D15A77B4A15147/file_opts'"
Linking everything together...
/home/project/.arduino15/packages/esp32/tools/esp-rv32/2601/bin/riscv32-esp-elf-g++ -Wl,--Map=/home/project/.cache/arduino/sketches/BAB928B8ACD70F85A8D15A77B4A15147/train_only_student_A_seed42_esp32c3_copy.ino.map -L/home/project/.arduino15/packages/esp32/tools/esp32c3-libs/3.3.11/lib -L/home/project/.arduino15/packages/esp32/tools/esp32c3-libs/3.3.11/ld -L/home/project/.arduino15/packages/esp32/tools/esp32c3-libs/3.3.11/qio_qspi -Wl,--wrap=esp_panic_handler -Wl,--wrap=esp_bt_mem_release -Wl,--wrap=esp_bt_controller_mem_release @/home/project/.arduino15/packages/esp32/tools/esp32c3-libs/3.3.11/flags/ld_flags @/home/project/.arduino15/packages/esp32/tools/esp32c3-libs/3.3.11/flags/ld_scripts -Wl,--start-group /home/project/.cache/arduino/sketches/BAB928B8ACD70F85A8D15A77B4A15147/sketch/cukd_model.c.o /home/project/.cache/arduino/sketches/BAB928B8ACD70F85A8D15A77B4A15147/sketch/cukd_preprocess.c.o /home/project/.cache/arduino/sketches/BAB928B8ACD70F85A8D15A77B4A15147/sketch/cukd_protocol.c.o /home/project/.cache/arduino/sketches/BAB928B8ACD70F85A8D15A77B4A15147/sketch/train_only_student_A_seed42_esp32c3_copy.ino.cpp.o /home/project/.cache/arduino/cores/esp32_esp32_esp32c3_7f0ab2bc92863ca30f14083bb6aee33f/core.a @/home/project/.arduino15/packages/esp32/tools/esp32c3-libs/3.3.11/flags/ld_libs -Wl,--end-group -Wl,-EL -o /home/project/.cache/arduino/sketches/BAB928B8ACD70F85A8D15A77B4A15147/train_only_student_A_seed42_esp32c3_copy.ino.elf
/home/project/.arduino15/packages/esp32/tools/esptool_py/5.3.1/esptool --chip esp32c3 elf2image --flash-mode dio --flash-freq 80m --flash-size 4MB --elf-sha256-offset 0xb0 -o /home/project/.cache/arduino/sketches/BAB928B8ACD70F85A8D15A77B4A15147/train_only_student_A_seed42_esp32c3_copy.ino.bin /home/project/.cache/arduino/sketches/BAB928B8ACD70F85A8D15A77B4A15147/train_only_student_A_seed42_esp32c3_copy.ino.elf
esptool v5.3.1
Creating ESP32-C3 image...
Merged 3 ELF sections.
Successfully created ESP32-C3 image.
python3 /home/project/.arduino15/packages/esp32/hardware/esp32/3.3.11/tools/gen_esp32part.py -q /home/project/.cache/arduino/sketches/BAB928B8ACD70F85A8D15A77B4A15147/partitions.csv /home/project/.cache/arduino/sketches/BAB928B8ACD70F85A8D15A77B4A15147/train_only_student_A_seed42_esp32c3_copy.ino.partitions.bin
/usr/bin/env bash -c "[ ! -d \"/home/project/.cache/arduino/sketches/BAB928B8ACD70F85A8D15A77B4A15147\"/libraries/Insights ] || python3 \"/home/project/.arduino15/packages/esp32/hardware/esp32/3.3.11\"/tools/gen_insights_package.py /home/project/.cache/arduino/sketches/BAB928B8ACD70F85A8D15A77B4A15147 train_only_student_A_seed42_esp32c3_copy.ino \"/home/project/Desktop/CuKD-XAI/deployment/hardware_hil/build/train_only_student_A_seed42_esp32c3_copy\""
/usr/bin/env bash -c "[ ! -d \"/home/project/.cache/arduino/sketches/BAB928B8ACD70F85A8D15A77B4A15147\"/libraries/ESP_SR ] || [ ! -f \"/home/project/.arduino15/packages/esp32/tools/esp32c3-libs/3.3.11\"/esp_sr/srmodels.bin ] || cp -f \"/home/project/.arduino15/packages/esp32/tools/esp32c3-libs/3.3.11\"/esp_sr/srmodels.bin \"/home/project/.cache/arduino/sketches/BAB928B8ACD70F85A8D15A77B4A15147\"/srmodels.bin"
/home/project/.arduino15/packages/esp32/tools/esptool_py/5.3.1/esptool --chip esp32c3 merge-bin -o /home/project/.cache/arduino/sketches/BAB928B8ACD70F85A8D15A77B4A15147/train_only_student_A_seed42_esp32c3_copy.ino.merged.bin --pad-to-size 4MB --flash-mode keep --flash-freq keep --flash-size keep 0x0 /home/project/.cache/arduino/sketches/BAB928B8ACD70F85A8D15A77B4A15147/train_only_student_A_seed42_esp32c3_copy.ino.bootloader.bin 0x8000 /home/project/.cache/arduino/sketches/BAB928B8ACD70F85A8D15A77B4A15147/train_only_student_A_seed42_esp32c3_copy.ino.partitions.bin 0xe000 /home/project/.arduino15/packages/esp32/hardware/esp32/3.3.11/tools/partitions/boot_app0.bin 0x10000 /home/project/.cache/arduino/sketches/BAB928B8ACD70F85A8D15A77B4A15147/train_only_student_A_seed42_esp32c3_copy.ino.bin
esptool v5.3.1
Wrote 0x400000 bytes to file '/home/project/.cache/arduino/sketches/BAB928B8ACD70F85A8D15A77B4A15147/train_only_student_A_seed42_esp32c3_copy.ino.merged.bin', ready to flash to offset 0x0.
/usr/bin/env bash -c "echo '--flash-mode dio --flash-freq 80m --flash-size 4MB'>'/home/project/.cache/arduino/sketches/BAB928B8ACD70F85A8D15A77B4A15147/flash_args'&& echo '0x0 train_only_student_A_seed42_esp32c3_copy.ino.bootloader.bin'>> '/home/project/.cache/arduino/sketches/BAB928B8ACD70F85A8D15A77B4A15147/flash_args'&& echo '0x8000 train_only_student_A_seed42_esp32c3_copy.ino.partitions.bin'>> '/home/project/.cache/arduino/sketches/BAB928B8ACD70F85A8D15A77B4A15147/flash_args'&& echo '0xe000 boot_app0.bin'>> '/home/project/.cache/arduino/sketches/BAB928B8ACD70F85A8D15A77B4A15147/flash_args'&& echo '0x10000 train_only_student_A_seed42_esp32c3_copy.ino.bin'>> '/home/project/.cache/arduino/sketches/BAB928B8ACD70F85A8D15A77B4A15147/flash_args'"
/bin/cp -f /home/project/.arduino15/packages/esp32/hardware/esp32/3.3.11/tools/partitions/boot_app0.bin /home/project/.cache/arduino/sketches/BAB928B8ACD70F85A8D15A77B4A15147/boot_app0.bin
/home/project/.arduino15/packages/esp32/tools/esp-rv32/2601/bin/riscv32-esp-elf-size -A /home/project/.cache/arduino/sketches/BAB928B8ACD70F85A8D15A77B4A15147/train_only_student_A_seed42_esp32c3_copy.ino.elf
Sketch uses 281776 bytes (21%) of program storage space. Maximum is 1310720 bytes.
Global variables use 13592 bytes (4%) of dynamic memory, leaving 314088 bytes for local variables. Maximum is 327680 bytes.
/usr/bin/env bash -c "FQBN_DIR=$(echo 'esp32:esp32:esp32c3' | cut -d: -f1-3 | tr ':' '.') && mkdir -p '/home/project/Desktop/CuKD-XAI/deployment/hardware_hil/build/train_only_student_A_seed42_esp32c3_copy/build/'$FQBN_DIR && cp -f '/home/project/.cache/arduino/sketches/BAB928B8ACD70F85A8D15A77B4A15147/train_only_student_A_seed42_esp32c3_copy.ino.'* '/home/project/Desktop/CuKD-XAI/deployment/hardware_hil/build/train_only_student_A_seed42_esp32c3_copy/build/'$FQBN_DIR'/' 2>/dev/null || true"
/usr/bin/env bash -c "FQBN_DIR=$(echo 'esp32:esp32:esp32c3' | cut -d: -f1-3 | tr ':' '.') && mkdir -p '/home/project/Desktop/CuKD-XAI/deployment/hardware_hil/build/train_only_student_A_seed42_esp32c3_copy/build/'$FQBN_DIR && cp -f '/home/project/.cache/arduino/sketches/BAB928B8ACD70F85A8D15A77B4A15147/partitions.csv' '/home/project/Desktop/CuKD-XAI/deployment/hardware_hil/build/train_only_student_A_seed42_esp32c3_copy/build/'$FQBN_DIR'/partitions.csv' 2>/dev/null || true"
/usr/bin/env bash -c "FQBN_DIR=$(echo 'esp32:esp32:esp32c3' | cut -d: -f1-3 | tr ':' '.') && mkdir -p '/home/project/Desktop/CuKD-XAI/deployment/hardware_hil/build/train_only_student_A_seed42_esp32c3_copy/build/'$FQBN_DIR && cp -f '/home/project/.cache/arduino/sketches/BAB928B8ACD70F85A8D15A77B4A15147/sdkconfig' '/home/project/Desktop/CuKD-XAI/deployment/hardware_hil/build/train_only_student_A_seed42_esp32c3_copy/build/'$FQBN_DIR'/sdkconfig' 2>/dev/null || true"
/usr/bin/env bash -c "FQBN_DIR=$(echo 'esp32:esp32:esp32c3' | cut -d: -f1-3 | tr ':' '.') && mkdir -p '/home/project/Desktop/CuKD-XAI/deployment/hardware_hil/build/train_only_student_A_seed42_esp32c3_copy/build/'$FQBN_DIR && cp -f '/home/project/.cache/arduino/sketches/BAB928B8ACD70F85A8D15A77B4A15147/flash_args' '/home/project/Desktop/CuKD-XAI/deployment/hardware_hil/build/train_only_student_A_seed42_esp32c3_copy/build/'$FQBN_DIR'/flash_args' 2>/dev/null || true"
/usr/bin/env bash -c "FQBN_DIR=$(echo 'esp32:esp32:esp32c3' | cut -d: -f1-3 | tr ':' '.') && mkdir -p '/home/project/Desktop/CuKD-XAI/deployment/hardware_hil/build/train_only_student_A_seed42_esp32c3_copy/build/'$FQBN_DIR && cp -f '/home/project/.arduino15/packages/esp32/hardware/esp32/3.3.11/tools/partitions/boot_app0.bin' '/home/project/Desktop/CuKD-XAI/deployment/hardware_hil/build/train_only_student_A_seed42_esp32c3_copy/build/'$FQBN_DIR'/boot_app0.bin' 2>/dev/null || true"
/usr/bin/env bash -c "FQBN_DIR=$(echo 'esp32:esp32:esp32c3' | cut -d: -f1-3 | tr ':' '.') && mkdir -p '/home/project/Desktop/CuKD-XAI/deployment/hardware_hil/build/train_only_student_A_seed42_esp32c3_copy/build/'$FQBN_DIR && cp -f '/home/project/.cache/arduino/sketches/BAB928B8ACD70F85A8D15A77B4A15147/build.options.json' '/home/project/Desktop/CuKD-XAI/deployment/hardware_hil/build/train_only_student_A_seed42_esp32c3_copy/build/'$FQBN_DIR'/build.options.json' 2>/dev/null || true"

[92mUsed platform[0m [92mVersion[0m [90mPath[0m
[93mesp32:esp32[0m   3.3.11  [90m/home/project/.arduino15/packages/esp32/hardware/esp32/3.3.11[0m
