Archive member included to satisfy reference by file (symbol)

c:/n drive/research/cukd-xai/.toolchains/ti-msp430/extracted/msp430-gcc-9.3.1.11_win64/bin/../lib/gcc/msp430-elf/9.3.1/430\libgcc.a(epilogue.o)
                              C:\N Drive\Research\Cukd-XAI\CuKD-XAI\deployment\msp430\current_fgds_static\artifacts\student_A\cukd_model.o (__mspabi_func_epilog_7)
c:/n drive/research/cukd-xai/.toolchains/ti-msp430/extracted/msp430-gcc-9.3.1.11_win64/bin/../lib/gcc/msp430-elf/9.3.1/430\libgcc.a(srai.o)
                              C:\N Drive\Research\Cukd-XAI\CuKD-XAI\deployment\msp430\current_fgds_static\artifacts\student_A\cukd_model.o (__mspabi_srai)
c:/n drive/research/cukd-xai/.toolchains/ti-msp430/extracted/msp430-gcc-9.3.1.11_win64/bin/../lib/gcc/msp430-elf/9.3.1/430\libmul_16.a(lib2hw_mul_16.o)
                              C:\N Drive\Research\Cukd-XAI\CuKD-XAI\deployment\msp430\current_fgds_static\artifacts\student_A\cukd_model.o (__mspabi_mpysl_hw)
c:/n drive/research/cukd-xai/.toolchains/ti-msp430/extracted/msp430-gcc-9.3.1.11_win64/bin/../lib/gcc/msp430-elf/9.3.1/430\libmul_16.a(lib2_mul_16bit.o)
                              C:\N Drive\Research\Cukd-XAI\CuKD-XAI\deployment\msp430\current_fgds_static\artifacts\student_A\cukd_preprocess.o (__mspabi_mpyll)
c:/n drive/research/cukd-xai/.toolchains/ti-msp430/extracted/msp430-gcc-9.3.1.11_win64/bin/../lib/gcc/msp430-elf/9.3.1/../../../../msp430-elf/lib/430\libc.a(lib_a-memset.o)
                              C:\N Drive\Research\Cukd-XAI\CuKD-XAI\deployment\msp430\current_fgds_static\artifacts\student_A\msp430_smoke_main.o (memset)
c:/n drive/research/cukd-xai/.toolchains/ti-msp430/extracted/msp430-gcc-9.3.1.11_win64/bin/../lib/gcc/msp430-elf/9.3.1/../../../../msp430-elf/lib/430\libcrt.a(crt_bss.o)
                              C:\N Drive\Research\Cukd-XAI\CuKD-XAI\deployment\msp430\current_fgds_static\artifacts\student_A\msp430_smoke_main.o (__crt0_init_bss)
c:/n drive/research/cukd-xai/.toolchains/ti-msp430/extracted/msp430-gcc-9.3.1.11_win64/bin/../lib/gcc/msp430-elf/9.3.1/../../../../msp430-elf/lib/430\libcrt.a(crt_main.o)
                              c:/n drive/research/cukd-xai/.toolchains/ti-msp430/extracted/msp430-gcc-9.3.1.11_win64/bin/../lib/gcc/msp430-elf/9.3.1/../../../../msp430-elf/lib/430/crt0.o (__crt0_call_main)

Discarded input sections

 .text          0x0000000000000000        0x0 c:/n drive/research/cukd-xai/.toolchains/ti-msp430/extracted/msp430-gcc-9.3.1.11_win64/bin/../lib/gcc/msp430-elf/9.3.1/../../../../msp430-elf/lib/430/crt0.o
 .data          0x0000000000000000        0x0 c:/n drive/research/cukd-xai/.toolchains/ti-msp430/extracted/msp430-gcc-9.3.1.11_win64/bin/../lib/gcc/msp430-elf/9.3.1/../../../../msp430-elf/lib/430/crt0.o
 .bss           0x0000000000000000        0x0 c:/n drive/research/cukd-xai/.toolchains/ti-msp430/extracted/msp430-gcc-9.3.1.11_win64/bin/../lib/gcc/msp430-elf/9.3.1/../../../../msp430-elf/lib/430/crt0.o
 .text          0x0000000000000000        0x0 c:/n drive/research/cukd-xai/.toolchains/ti-msp430/extracted/msp430-gcc-9.3.1.11_win64/bin/../lib/gcc/msp430-elf/9.3.1/430/crtbegin_no_eh.o
 .data          0x0000000000000000        0x0 c:/n drive/research/cukd-xai/.toolchains/ti-msp430/extracted/msp430-gcc-9.3.1.11_win64/bin/../lib/gcc/msp430-elf/9.3.1/430/crtbegin_no_eh.o
 .bss           0x0000000000000000        0x0 c:/n drive/research/cukd-xai/.toolchains/ti-msp430/extracted/msp430-gcc-9.3.1.11_win64/bin/../lib/gcc/msp430-elf/9.3.1/430/crtbegin_no_eh.o
 .comment       0x0000000000000000       0x3a c:/n drive/research/cukd-xai/.toolchains/ti-msp430/extracted/msp430-gcc-9.3.1.11_win64/bin/../lib/gcc/msp430-elf/9.3.1/430/crtbegin_no_eh.o
 .text          0x0000000000000000        0x0 C:\N Drive\Research\Cukd-XAI\CuKD-XAI\deployment\msp430\current_fgds_static\artifacts\student_A\cukd_model.o
 .data          0x0000000000000000        0x0 C:\N Drive\Research\Cukd-XAI\CuKD-XAI\deployment\msp430\current_fgds_static\artifacts\student_A\cukd_model.o
 .bss           0x0000000000000000        0x0 C:\N Drive\Research\Cukd-XAI\CuKD-XAI\deployment\msp430\current_fgds_static\artifacts\student_A\cukd_model.o
 .text          0x0000000000000000        0x0 C:\N Drive\Research\Cukd-XAI\CuKD-XAI\deployment\msp430\current_fgds_static\artifacts\student_A\cukd_preprocess.o
 .data          0x0000000000000000        0x0 C:\N Drive\Research\Cukd-XAI\CuKD-XAI\deployment\msp430\current_fgds_static\artifacts\student_A\cukd_preprocess.o
 .bss           0x0000000000000000        0x0 C:\N Drive\Research\Cukd-XAI\CuKD-XAI\deployment\msp430\current_fgds_static\artifacts\student_A\cukd_preprocess.o
 .text          0x0000000000000000        0x0 C:\N Drive\Research\Cukd-XAI\CuKD-XAI\deployment\msp430\current_fgds_static\artifacts\student_A\msp430_smoke_main.o
 .data          0x0000000000000000        0x0 C:\N Drive\Research\Cukd-XAI\CuKD-XAI\deployment\msp430\current_fgds_static\artifacts\student_A\msp430_smoke_main.o
 .bss           0x0000000000000000        0x0 C:\N Drive\Research\Cukd-XAI\CuKD-XAI\deployment\msp430\current_fgds_static\artifacts\student_A\msp430_smoke_main.o
 .data          0x0000000000000000        0x0 c:/n drive/research/cukd-xai/.toolchains/ti-msp430/extracted/msp430-gcc-9.3.1.11_win64/bin/../lib/gcc/msp430-elf/9.3.1/430\libgcc.a(epilogue.o)
 .bss           0x0000000000000000        0x0 c:/n drive/research/cukd-xai/.toolchains/ti-msp430/extracted/msp430-gcc-9.3.1.11_win64/bin/../lib/gcc/msp430-elf/9.3.1/430\libgcc.a(epilogue.o)
 .text          0x0000000000000000        0x0 c:/n drive/research/cukd-xai/.toolchains/ti-msp430/extracted/msp430-gcc-9.3.1.11_win64/bin/../lib/gcc/msp430-elf/9.3.1/430\libgcc.a(srai.o)
 .data          0x0000000000000000        0x0 c:/n drive/research/cukd-xai/.toolchains/ti-msp430/extracted/msp430-gcc-9.3.1.11_win64/bin/../lib/gcc/msp430-elf/9.3.1/430\libgcc.a(srai.o)
 .bss           0x0000000000000000        0x0 c:/n drive/research/cukd-xai/.toolchains/ti-msp430/extracted/msp430-gcc-9.3.1.11_win64/bin/../lib/gcc/msp430-elf/9.3.1/430\libgcc.a(srai.o)
 .text.__mspabi_srai_n
                0x0000000000000000       0x20 c:/n drive/research/cukd-xai/.toolchains/ti-msp430/extracted/msp430-gcc-9.3.1.11_win64/bin/../lib/gcc/msp430-elf/9.3.1/430\libgcc.a(srai.o)
 .text.__mspabi_sral_n
                0x0000000000000000       0x3e c:/n drive/research/cukd-xai/.toolchains/ti-msp430/extracted/msp430-gcc-9.3.1.11_win64/bin/../lib/gcc/msp430-elf/9.3.1/430\libgcc.a(srai.o)
 .text          0x0000000000000000        0x0 c:/n drive/research/cukd-xai/.toolchains/ti-msp430/extracted/msp430-gcc-9.3.1.11_win64/bin/../lib/gcc/msp430-elf/9.3.1/430\libmul_16.a(lib2hw_mul_16.o)
 .data          0x0000000000000000        0x0 c:/n drive/research/cukd-xai/.toolchains/ti-msp430/extracted/msp430-gcc-9.3.1.11_win64/bin/../lib/gcc/msp430-elf/9.3.1/430\libmul_16.a(lib2hw_mul_16.o)
 .bss           0x0000000000000000        0x0 c:/n drive/research/cukd-xai/.toolchains/ti-msp430/extracted/msp430-gcc-9.3.1.11_win64/bin/../lib/gcc/msp430-elf/9.3.1/430\libmul_16.a(lib2hw_mul_16.o)
 .text.__mulhi2
                0x0000000000000000       0x14 c:/n drive/research/cukd-xai/.toolchains/ti-msp430/extracted/msp430-gcc-9.3.1.11_win64/bin/../lib/gcc/msp430-elf/9.3.1/430\libmul_16.a(lib2hw_mul_16.o)
 .text.__umulhisi2
                0x0000000000000000       0x18 c:/n drive/research/cukd-xai/.toolchains/ti-msp430/extracted/msp430-gcc-9.3.1.11_win64/bin/../lib/gcc/msp430-elf/9.3.1/430\libmul_16.a(lib2hw_mul_16.o)
 .text.__mulsidi2
                0x0000000000000000        0x4 c:/n drive/research/cukd-xai/.toolchains/ti-msp430/extracted/msp430-gcc-9.3.1.11_win64/bin/../lib/gcc/msp430-elf/9.3.1/430\libmul_16.a(lib2hw_mul_16.o)
 .text.__umulsidi2
                0x0000000000000000        0x4 c:/n drive/research/cukd-xai/.toolchains/ti-msp430/extracted/msp430-gcc-9.3.1.11_win64/bin/../lib/gcc/msp430-elf/9.3.1/430\libmul_16.a(lib2hw_mul_16.o)
 .text.__muldi3
                0x0000000000000000        0x4 c:/n drive/research/cukd-xai/.toolchains/ti-msp430/extracted/msp430-gcc-9.3.1.11_win64/bin/../lib/gcc/msp430-elf/9.3.1/430\libmul_16.a(lib2hw_mul_16.o)
 .text          0x0000000000000000        0x0 c:/n drive/research/cukd-xai/.toolchains/ti-msp430/extracted/msp430-gcc-9.3.1.11_win64/bin/../lib/gcc/msp430-elf/9.3.1/430\libmul_16.a(lib2_mul_16bit.o)
 .data          0x0000000000000000        0x0 c:/n drive/research/cukd-xai/.toolchains/ti-msp430/extracted/msp430-gcc-9.3.1.11_win64/bin/../lib/gcc/msp430-elf/9.3.1/430\libmul_16.a(lib2_mul_16bit.o)
 .bss           0x0000000000000000        0x0 c:/n drive/research/cukd-xai/.toolchains/ti-msp430/extracted/msp430-gcc-9.3.1.11_win64/bin/../lib/gcc/msp430-elf/9.3.1/430\libmul_16.a(lib2_mul_16bit.o)
 .text.__mspabi_mpysll
                0x0000000000000000       0x3e c:/n drive/research/cukd-xai/.toolchains/ti-msp430/extracted/msp430-gcc-9.3.1.11_win64/bin/../lib/gcc/msp430-elf/9.3.1/430\libmul_16.a(lib2_mul_16bit.o)
 .text.__mspabi_mpyull
                0x0000000000000000       0x1e c:/n drive/research/cukd-xai/.toolchains/ti-msp430/extracted/msp430-gcc-9.3.1.11_win64/bin/../lib/gcc/msp430-elf/9.3.1/430\libmul_16.a(lib2_mul_16bit.o)
 .text          0x0000000000000000        0x0 c:/n drive/research/cukd-xai/.toolchains/ti-msp430/extracted/msp430-gcc-9.3.1.11_win64/bin/../lib/gcc/msp430-elf/9.3.1/../../../../msp430-elf/lib/430\libc.a(lib_a-memset.o)
 .data          0x0000000000000000        0x0 c:/n drive/research/cukd-xai/.toolchains/ti-msp430/extracted/msp430-gcc-9.3.1.11_win64/bin/../lib/gcc/msp430-elf/9.3.1/../../../../msp430-elf/lib/430\libc.a(lib_a-memset.o)
 .bss           0x0000000000000000        0x0 c:/n drive/research/cukd-xai/.toolchains/ti-msp430/extracted/msp430-gcc-9.3.1.11_win64/bin/../lib/gcc/msp430-elf/9.3.1/../../../../msp430-elf/lib/430\libc.a(lib_a-memset.o)
 .text          0x0000000000000000        0x0 c:/n drive/research/cukd-xai/.toolchains/ti-msp430/extracted/msp430-gcc-9.3.1.11_win64/bin/../lib/gcc/msp430-elf/9.3.1/../../../../msp430-elf/lib/430\libcrt.a(crt_bss.o)
 .data          0x0000000000000000        0x0 c:/n drive/research/cukd-xai/.toolchains/ti-msp430/extracted/msp430-gcc-9.3.1.11_win64/bin/../lib/gcc/msp430-elf/9.3.1/../../../../msp430-elf/lib/430\libcrt.a(crt_bss.o)
 .bss           0x0000000000000000        0x0 c:/n drive/research/cukd-xai/.toolchains/ti-msp430/extracted/msp430-gcc-9.3.1.11_win64/bin/../lib/gcc/msp430-elf/9.3.1/../../../../msp430-elf/lib/430\libcrt.a(crt_bss.o)
 .text          0x0000000000000000        0x0 c:/n drive/research/cukd-xai/.toolchains/ti-msp430/extracted/msp430-gcc-9.3.1.11_win64/bin/../lib/gcc/msp430-elf/9.3.1/../../../../msp430-elf/lib/430\libcrt.a(crt_main.o)
 .data          0x0000000000000000        0x0 c:/n drive/research/cukd-xai/.toolchains/ti-msp430/extracted/msp430-gcc-9.3.1.11_win64/bin/../lib/gcc/msp430-elf/9.3.1/../../../../msp430-elf/lib/430\libcrt.a(crt_main.o)
 .bss           0x0000000000000000        0x0 c:/n drive/research/cukd-xai/.toolchains/ti-msp430/extracted/msp430-gcc-9.3.1.11_win64/bin/../lib/gcc/msp430-elf/9.3.1/../../../../msp430-elf/lib/430\libcrt.a(crt_main.o)
 .text          0x0000000000000000        0x0 c:/n drive/research/cukd-xai/.toolchains/ti-msp430/extracted/msp430-gcc-9.3.1.11_win64/bin/../lib/gcc/msp430-elf/9.3.1/430/crtend_no_eh.o
 .data          0x0000000000000000        0x0 c:/n drive/research/cukd-xai/.toolchains/ti-msp430/extracted/msp430-gcc-9.3.1.11_win64/bin/../lib/gcc/msp430-elf/9.3.1/430/crtend_no_eh.o
 .bss           0x0000000000000000        0x0 c:/n drive/research/cukd-xai/.toolchains/ti-msp430/extracted/msp430-gcc-9.3.1.11_win64/bin/../lib/gcc/msp430-elf/9.3.1/430/crtend_no_eh.o
 .comment       0x0000000000000000       0x3a c:/n drive/research/cukd-xai/.toolchains/ti-msp430/extracted/msp430-gcc-9.3.1.11_win64/bin/../lib/gcc/msp430-elf/9.3.1/430/crtend_no_eh.o

Memory Configuration

Name             Origin             Length             Attributes
SFR              0x0000000000000000 0x0000000000000010
RAM              0x0000000000001100 0x0000000000002800
RAM_MIRROR       0x0000000000000200 0x0000000000000800
INFOMEM          0x0000000000001000 0x0000000000000100
INFOA            0x0000000000001080 0x0000000000000080
INFOB            0x0000000000001000 0x0000000000000080
ROM              0x0000000000004000 0x000000000000bfe0 xr
VECT1            0x000000000000ffe0 0x0000000000000002
VECT2            0x000000000000ffe2 0x0000000000000002
VECT3            0x000000000000ffe4 0x0000000000000002
VECT4            0x000000000000ffe6 0x0000000000000002
VECT5            0x000000000000ffe8 0x0000000000000002
VECT6            0x000000000000ffea 0x0000000000000002
VECT7            0x000000000000ffec 0x0000000000000002
VECT8            0x000000000000ffee 0x0000000000000002
VECT9            0x000000000000fff0 0x0000000000000002
VECT10           0x000000000000fff2 0x0000000000000002
VECT11           0x000000000000fff4 0x0000000000000002
VECT12           0x000000000000fff6 0x0000000000000002
VECT13           0x000000000000fff8 0x0000000000000002
VECT14           0x000000000000fffa 0x0000000000000002
VECT15           0x000000000000fffc 0x0000000000000002
RESETVEC         0x000000000000fffe 0x0000000000000002
*default*        0x0000000000000000 0xffffffffffffffff

Linker script and memory map

LOAD c:/n drive/research/cukd-xai/.toolchains/ti-msp430/extracted/msp430-gcc-9.3.1.11_win64/bin/../lib/gcc/msp430-elf/9.3.1/../../../../msp430-elf/lib/430/crt0.o
LOAD c:/n drive/research/cukd-xai/.toolchains/ti-msp430/extracted/msp430-gcc-9.3.1.11_win64/bin/../lib/gcc/msp430-elf/9.3.1/430/crtbegin_no_eh.o
LOAD C:\N Drive\Research\Cukd-XAI\CuKD-XAI\deployment\msp430\current_fgds_static\artifacts\student_A\cukd_model.o
LOAD C:\N Drive\Research\Cukd-XAI\CuKD-XAI\deployment\msp430\current_fgds_static\artifacts\student_A\cukd_preprocess.o
LOAD C:\N Drive\Research\Cukd-XAI\CuKD-XAI\deployment\msp430\current_fgds_static\artifacts\student_A\msp430_smoke_main.o
LOAD c:/n drive/research/cukd-xai/.toolchains/ti-msp430/extracted/msp430-gcc-9.3.1.11_win64/bin/../lib/gcc/msp430-elf/9.3.1/430\libgcc.a
START GROUP
LOAD c:/n drive/research/cukd-xai/.toolchains/ti-msp430/extracted/msp430-gcc-9.3.1.11_win64/bin/../lib/gcc/msp430-elf/9.3.1/430\libmul_16.a
LOAD c:/n drive/research/cukd-xai/.toolchains/ti-msp430/extracted/msp430-gcc-9.3.1.11_win64/bin/../lib/gcc/msp430-elf/9.3.1/../../../../msp430-elf/lib/430\libc.a
LOAD c:/n drive/research/cukd-xai/.toolchains/ti-msp430/extracted/msp430-gcc-9.3.1.11_win64/bin/../lib/gcc/msp430-elf/9.3.1/430\libgcc.a
LOAD c:/n drive/research/cukd-xai/.toolchains/ti-msp430/extracted/msp430-gcc-9.3.1.11_win64/bin/../lib/gcc/msp430-elf/9.3.1/../../../../msp430-elf/lib/430\libcrt.a
LOAD c:/n drive/research/cukd-xai/.toolchains/ti-msp430/extracted/msp430-gcc-9.3.1.11_win64/bin/../lib/gcc/msp430-elf/9.3.1/../../../../msp430-elf/lib/430\libnosys.a
END GROUP

__interrupt_vector_1
 *(__interrupt_vector_1)
 *(__interrupt_vector_dacdma)

__interrupt_vector_2
 *(__interrupt_vector_2)
 *(__interrupt_vector_port2)

__interrupt_vector_3
 *(__interrupt_vector_3)
 *(__interrupt_vector_usart1tx)

__interrupt_vector_4
 *(__interrupt_vector_4)
 *(__interrupt_vector_usart1rx)

__interrupt_vector_5
 *(__interrupt_vector_5)
 *(__interrupt_vector_port1)

__interrupt_vector_6
 *(__interrupt_vector_6)
 *(__interrupt_vector_timera1)

__interrupt_vector_7
 *(__interrupt_vector_7)
 *(__interrupt_vector_timera0)

__interrupt_vector_8
 *(__interrupt_vector_8)
 *(__interrupt_vector_adc12)

__interrupt_vector_9
 *(__interrupt_vector_9)
 *(__interrupt_vector_usart0tx)

__interrupt_vector_10
 *(__interrupt_vector_10)
 *(__interrupt_vector_usart0rx)

__interrupt_vector_11
 *(__interrupt_vector_11)
 *(__interrupt_vector_wdt)

__interrupt_vector_12
 *(__interrupt_vector_12)
 *(__interrupt_vector_comparatora)

__interrupt_vector_13
 *(__interrupt_vector_13)
 *(__interrupt_vector_timerb1)

__interrupt_vector_14
 *(__interrupt_vector_14)
 *(__interrupt_vector_timerb0)

__interrupt_vector_15
 *(__interrupt_vector_15)
 *(__interrupt_vector_nmi)

__reset_vector  0x000000000000fffe        0x2
 *(__interrupt_vector_16)
 *(__interrupt_vector_reset)
 *(.resetvec)
 .resetvec      0x000000000000fffe        0x2 c:/n drive/research/cukd-xai/.toolchains/ti-msp430/extracted/msp430-gcc-9.3.1.11_win64/bin/../lib/gcc/msp430-elf/9.3.1/../../../../msp430-elf/lib/430/crt0.o

.rodata         0x0000000000004000      0x5cc
                0x0000000000004000                . = ALIGN (0x2)
 *(.plt)
 *(.rodata .rodata.* .gnu.linkonce.r.* .const .const:*)
 .rodata.cukd_l2_bias
                0x0000000000004000       0x14 C:\N Drive\Research\Cukd-XAI\CuKD-XAI\deployment\msp430\current_fgds_static\artifacts\student_A\cukd_model.o
 .rodata.cukd_l2_weight
                0x0000000000004014       0x50 C:\N Drive\Research\Cukd-XAI\CuKD-XAI\deployment\msp430\current_fgds_static\artifacts\student_A\cukd_model.o
 .rodata.cukd_l1_bias
                0x0000000000004064       0x40 C:\N Drive\Research\Cukd-XAI\CuKD-XAI\deployment\msp430\current_fgds_static\artifacts\student_A\cukd_model.o
 .rodata.cukd_l1_weight
                0x00000000000040a4      0x200 C:\N Drive\Research\Cukd-XAI\CuKD-XAI\deployment\msp430\current_fgds_static\artifacts\student_A\cukd_model.o
 .rodata.cukd_l0_bias
                0x00000000000042a4       0x80 C:\N Drive\Research\Cukd-XAI\CuKD-XAI\deployment\msp430\current_fgds_static\artifacts\student_A\cukd_model.o
 .rodata.cukd_l0_weight
                0x0000000000004324      0x220 C:\N Drive\Research\Cukd-XAI\CuKD-XAI\deployment\msp430\current_fgds_static\artifacts\student_A\cukd_model.o
 .rodata.cukd_scaler_inv_scale_q
                0x0000000000004544       0x44 C:\N Drive\Research\Cukd-XAI\CuKD-XAI\deployment\msp430\current_fgds_static\artifacts\student_A\cukd_preprocess.o
 .rodata.cukd_scaler_mean_q
                0x0000000000004588       0x44 C:\N Drive\Research\Cukd-XAI\CuKD-XAI\deployment\msp430\current_fgds_static\artifacts\student_A\cukd_preprocess.o
 *(.rodata1)
 *(.gcc_except_table)
 *(.gcc_except_table.*)

.rodata2        0x00000000000045cc        0x0
                0x00000000000045cc                . = ALIGN (0x2)
                [!provide]                        PROVIDE (__preinit_array_start = .)
 *(.preinit_array)
                [!provide]                        PROVIDE (__preinit_array_end = .)
                0x00000000000045cc                . = ALIGN (0x2)
                [!provide]                        PROVIDE (__init_array_start = .)
 *(SORT_BY_NAME(.init_array.*))
 *(.init_array)
                [!provide]                        PROVIDE (__init_array_end = .)
                0x00000000000045cc                . = ALIGN (0x2)
                [!provide]                        PROVIDE (__fini_array_start = .)
 *(.fini_array)
 *(SORT_BY_NAME(.fini_array.*))
                [!provide]                        PROVIDE (__fini_array_end = .)
                0x00000000000045cc                . = ALIGN (0x2)
 *(.eh_frame_hdr)
 *(.eh_frame)
 *crtbegin*.o(.ctors)
 *(EXCLUDE_FILE(*crtend*.o) .ctors)
 *(SORT_BY_NAME(.ctors.*))
 *(.ctors)
 *crtbegin*.o(.dtors)
 *(EXCLUDE_FILE(*crtend*.o) .dtors)
 *(SORT_BY_NAME(.dtors.*))
 *(.dtors)

.text           0x00000000000045cc      0x550
                0x00000000000045cc                . = ALIGN (0x2)
                0x00000000000045cc                PROVIDE (_start = .)
 *(SORT_BY_NAME(.crt_*))
 .crt_0000start
                0x00000000000045cc        0x4 c:/n drive/research/cukd-xai/.toolchains/ti-msp430/extracted/msp430-gcc-9.3.1.11_win64/bin/../lib/gcc/msp430-elf/9.3.1/../../../../msp430-elf/lib/430/crt0.o
                0x00000000000045cc                __crt0_start
 .crt_0100init_bss
                0x00000000000045d0        0xe c:/n drive/research/cukd-xai/.toolchains/ti-msp430/extracted/msp430-gcc-9.3.1.11_win64/bin/../lib/gcc/msp430-elf/9.3.1/../../../../msp430-elf/lib/430\libcrt.a(crt_bss.o)
                0x00000000000045d0                __crt0_init_bss
 .crt_0800call_main
                0x00000000000045de        0x6 c:/n drive/research/cukd-xai/.toolchains/ti-msp430/extracted/msp430-gcc-9.3.1.11_win64/bin/../lib/gcc/msp430-elf/9.3.1/../../../../msp430-elf/lib/430\libcrt.a(crt_main.o)
                0x00000000000045de                __crt0_call_main
 *(.lowtext .text .stub .text.* .gnu.linkonce.t.* .text:*)
 .text.cukd_dense_i8_q15
                0x00000000000045e4      0x11c C:\N Drive\Research\Cukd-XAI\CuKD-XAI\deployment\msp430\current_fgds_static\artifacts\student_A\cukd_model.o
 .text.cukd_forward_q15
                0x0000000000004700       0x8c C:\N Drive\Research\Cukd-XAI\CuKD-XAI\deployment\msp430\current_fgds_static\artifacts\student_A\cukd_model.o
                0x0000000000004700                cukd_forward_q15
 .text.cukd_predict_q15
                0x000000000000478c       0x3e C:\N Drive\Research\Cukd-XAI\CuKD-XAI\deployment\msp430\current_fgds_static\artifacts\student_A\cukd_model.o
                0x000000000000478c                cukd_predict_q15
 .text.cukd_standardize_raw_q
                0x00000000000047ca      0x196 C:\N Drive\Research\Cukd-XAI\CuKD-XAI\deployment\msp430\current_fgds_static\artifacts\student_A\cukd_preprocess.o
                0x00000000000047ca                cukd_standardize_raw_q
 .text.startup.main
                0x0000000000004960       0x3e C:\N Drive\Research\Cukd-XAI\CuKD-XAI\deployment\msp430\current_fgds_static\artifacts\student_A\msp430_smoke_main.o
                0x0000000000004960                main
 .text          0x000000000000499e       0x10 c:/n drive/research/cukd-xai/.toolchains/ti-msp430/extracted/msp430-gcc-9.3.1.11_win64/bin/../lib/gcc/msp430-elf/9.3.1/430\libgcc.a(epilogue.o)
                0x000000000000499e                __mspabi_func_epilog_7
                0x00000000000049a0                __mspabi_func_epilog_6
                0x00000000000049a2                __mspabi_func_epilog_5
                0x00000000000049a4                __mspabi_func_epilog_4
                0x00000000000049a6                __mspabi_func_epilog_3
                0x00000000000049a8                __mspabi_func_epilog_2
                0x00000000000049aa                __mspabi_func_epilog_1
 .text.__mspabi_srai
                0x00000000000049ae        0xa c:/n drive/research/cukd-xai/.toolchains/ti-msp430/extracted/msp430-gcc-9.3.1.11_win64/bin/../lib/gcc/msp430-elf/9.3.1/430\libgcc.a(srai.o)
                0x00000000000049b2                __mspabi_srai
 .text.__mspabi_sral
                0x00000000000049b8        0xc c:/n drive/research/cukd-xai/.toolchains/ti-msp430/extracted/msp430-gcc-9.3.1.11_win64/bin/../lib/gcc/msp430-elf/9.3.1/430\libgcc.a(srai.o)
                0x00000000000049be                __mspabi_sral
 .text.__mspabi_srall
                0x00000000000049c4       0x1e c:/n drive/research/cukd-xai/.toolchains/ti-msp430/extracted/msp430-gcc-9.3.1.11_win64/bin/../lib/gcc/msp430-elf/9.3.1/430\libgcc.a(srai.o)
                0x00000000000049c4                __mspabi_srall
 .text.__mulhisi2
                0x00000000000049e2       0x18 c:/n drive/research/cukd-xai/.toolchains/ti-msp430/extracted/msp430-gcc-9.3.1.11_win64/bin/../lib/gcc/msp430-elf/9.3.1/430\libmul_16.a(lib2hw_mul_16.o)
                0x00000000000049e2                __mspabi_mpysl_hw
                0x00000000000049e2                __mspabi_mpysl
                0x00000000000049e2                __mulhisi2
 .text.__mulsi2
                0x00000000000049fa       0x2e c:/n drive/research/cukd-xai/.toolchains/ti-msp430/extracted/msp430-gcc-9.3.1.11_win64/bin/../lib/gcc/msp430-elf/9.3.1/430\libmul_16.a(lib2hw_mul_16.o)
                0x00000000000049fa                __mulsi2
                0x00000000000049fa                __mspabi_mpyl_hw
                0x00000000000049fa                __mspabi_mpyl
 .text.__muldi3
                0x0000000000004a28       0xe2 c:/n drive/research/cukd-xai/.toolchains/ti-msp430/extracted/msp430-gcc-9.3.1.11_win64/bin/../lib/gcc/msp430-elf/9.3.1/430\libmul_16.a(lib2_mul_16bit.o)
                0x0000000000004a28                __mspabi_mpyll
 .text.memset   0x0000000000004b0a       0x12 c:/n drive/research/cukd-xai/.toolchains/ti-msp430/extracted/msp430-gcc-9.3.1.11_win64/bin/../lib/gcc/msp430-elf/9.3.1/../../../../msp430-elf/lib/430\libc.a(lib_a-memset.o)
                0x0000000000004b0a                memset
 *(.text.*personality*)
 *(.gnu.warning)
 *(.interp .hash .dynsym .dynstr .gnu.version*)
                [!provide]                        PROVIDE (__etext = .)
                [!provide]                        PROVIDE (_etext = .)
                [!provide]                        PROVIDE (etext = .)
                0x0000000000004b1c                . = ALIGN (0x2)
 *(.init)
 *(.fini)
 *(.tm_clone_table)

.data           0x0000000000001100        0x0 load address 0x0000000000004b1c
                0x0000000000001100                . = ALIGN (0x2)
                [!provide]                        PROVIDE (__datastart = .)
 *(.jcr)
 *(.data.rel.ro.local)
 *(.data.rel.ro*)
 *(.dynamic)
 *(.data .data.* .gnu.linkonce.d.*)
 *(.gnu.linkonce.d.*personality*)
 *(.data1)
 *(.got.plt)
 *(.got)
                0x0000000000001100                . = ALIGN (0x2)
 *(.sdata .sdata.* .gnu.linkonce.s.* D_2 D_1)
                0x0000000000001100                . = ALIGN (0x2)
                0x0000000000001100                _edata = .
                [!provide]                        PROVIDE (edata = .)
                [!provide]                        PROVIDE (__dataend = .)
                [!provide]                        PROVIDE (__romdatastart = LOADADDR (.data))
                [!provide]                        PROVIDE (__romdatacopysize = SIZEOF (.data))

.bss            0x0000000000001100        0x4 load address 0x0000000000004b1c
                0x0000000000001100                . = ALIGN (0x2)
                0x0000000000001100                PROVIDE (__bssstart = .)
 *(.dynbss)
 *(.sbss .sbss.*)
 *(.bss .bss.* .gnu.linkonce.b.*)
 .bss.cukd_msp430_preprocess_sink
                0x0000000000001100        0x2 C:\N Drive\Research\Cukd-XAI\CuKD-XAI\deployment\msp430\current_fgds_static\artifacts\student_A\msp430_smoke_main.o
                0x0000000000001100                cukd_msp430_preprocess_sink
 .bss.cukd_msp430_prediction_sink
                0x0000000000001102        0x1 C:\N Drive\Research\Cukd-XAI\CuKD-XAI\deployment\msp430\current_fgds_static\artifacts\student_A\msp430_smoke_main.o
                0x0000000000001102                cukd_msp430_prediction_sink
                0x0000000000001104                . = ALIGN (0x2)
 *fill*         0x0000000000001103        0x1 
 *(COMMON)
                [!provide]                        PROVIDE (__bssend = .)
                0x0000000000000004                PROVIDE (__bsssize = SIZEOF (.bss))

.noinit         0x0000000000001104        0x0 load address 0x0000000000004b1c
                0x0000000000001104                . = ALIGN (0x2)
                [!provide]                        PROVIDE (__noinit_start = .)
 *(.noinit)
                0x0000000000001104                . = ALIGN (0x2)
                [!provide]                        PROVIDE (__noinit_end = .)
                0x0000000000001104                end = .

.heap           0x0000000000001104        0x4 load address 0x0000000000004b1c
                0x0000000000001104                . = ALIGN (0x2)
                0x0000000000001104                __heap_start__ = .
                0x0000000000001104                _end = __heap_start__
                [!provide]                        PROVIDE (end = .)
 *(.heap)
                0x0000000000001104                _end = .
                [!provide]                        PROVIDE (end = .)
                0x0000000000001104        0x4 LONG 0x0
                0x0000000000001108                __heap_end__ = .
                0x0000000000001108                __HeapLimit = __heap_end__

.stack          0x0000000000003900        0x0
                0x0000000000003900                PROVIDE (__stack = .)
 *(.stack)

.infoA

.infoB

.MSP430.attributes
                0x0000000000000000       0x17
 *(.MSP430.attributes)
 .MSP430.attributes
                0x0000000000000000       0x17 c:/n drive/research/cukd-xai/.toolchains/ti-msp430/extracted/msp430-gcc-9.3.1.11_win64/bin/../lib/gcc/msp430-elf/9.3.1/../../../../msp430-elf/lib/430/crt0.o
 .MSP430.attributes
                0x0000000000000017       0x17 c:/n drive/research/cukd-xai/.toolchains/ti-msp430/extracted/msp430-gcc-9.3.1.11_win64/bin/../lib/gcc/msp430-elf/9.3.1/430/crtbegin_no_eh.o
 .MSP430.attributes
                0x000000000000002e       0x17 C:\N Drive\Research\Cukd-XAI\CuKD-XAI\deployment\msp430\current_fgds_static\artifacts\student_A\cukd_model.o
 .MSP430.attributes
                0x0000000000000045       0x17 C:\N Drive\Research\Cukd-XAI\CuKD-XAI\deployment\msp430\current_fgds_static\artifacts\student_A\cukd_preprocess.o
 .MSP430.attributes
                0x000000000000005c       0x17 C:\N Drive\Research\Cukd-XAI\CuKD-XAI\deployment\msp430\current_fgds_static\artifacts\student_A\msp430_smoke_main.o
 .MSP430.attributes
                0x0000000000000073       0x17 c:/n drive/research/cukd-xai/.toolchains/ti-msp430/extracted/msp430-gcc-9.3.1.11_win64/bin/../lib/gcc/msp430-elf/9.3.1/430\libgcc.a(epilogue.o)
 .MSP430.attributes
                0x000000000000008a       0x17 c:/n drive/research/cukd-xai/.toolchains/ti-msp430/extracted/msp430-gcc-9.3.1.11_win64/bin/../lib/gcc/msp430-elf/9.3.1/430\libgcc.a(srai.o)
 .MSP430.attributes
                0x00000000000000a1       0x17 c:/n drive/research/cukd-xai/.toolchains/ti-msp430/extracted/msp430-gcc-9.3.1.11_win64/bin/../lib/gcc/msp430-elf/9.3.1/430\libmul_16.a(lib2hw_mul_16.o)
 .MSP430.attributes
                0x00000000000000b8       0x17 c:/n drive/research/cukd-xai/.toolchains/ti-msp430/extracted/msp430-gcc-9.3.1.11_win64/bin/../lib/gcc/msp430-elf/9.3.1/430\libmul_16.a(lib2_mul_16bit.o)
 .MSP430.attributes
                0x00000000000000cf       0x17 c:/n drive/research/cukd-xai/.toolchains/ti-msp430/extracted/msp430-gcc-9.3.1.11_win64/bin/../lib/gcc/msp430-elf/9.3.1/../../../../msp430-elf/lib/430\libc.a(lib_a-memset.o)
 .MSP430.attributes
                0x00000000000000e6       0x17 c:/n drive/research/cukd-xai/.toolchains/ti-msp430/extracted/msp430-gcc-9.3.1.11_win64/bin/../lib/gcc/msp430-elf/9.3.1/../../../../msp430-elf/lib/430\libcrt.a(crt_bss.o)
 .MSP430.attributes
                0x00000000000000fd       0x17 c:/n drive/research/cukd-xai/.toolchains/ti-msp430/extracted/msp430-gcc-9.3.1.11_win64/bin/../lib/gcc/msp430-elf/9.3.1/../../../../msp430-elf/lib/430\libcrt.a(crt_main.o)
 .MSP430.attributes
                0x0000000000000114       0x17 c:/n drive/research/cukd-xai/.toolchains/ti-msp430/extracted/msp430-gcc-9.3.1.11_win64/bin/../lib/gcc/msp430-elf/9.3.1/430/crtend_no_eh.o
 *(.gnu.attributes)
 *(__TI_build_attributes)

.stab
 *(.stab)

.stabstr
 *(.stabstr)

.stab.excl
 *(.stab.excl)

.stab.exclstr
 *(.stab.exclstr)

.stab.index
 *(.stab.index)

.stab.indexstr
 *(.stab.indexstr)

.comment        0x0000000000000000       0x39
 *(.comment)
 .comment       0x0000000000000000       0x39 C:\N Drive\Research\Cukd-XAI\CuKD-XAI\deployment\msp430\current_fgds_static\artifacts\student_A\cukd_model.o
                                         0x3a (size before relaxing)
 .comment       0x0000000000000039       0x3a C:\N Drive\Research\Cukd-XAI\CuKD-XAI\deployment\msp430\current_fgds_static\artifacts\student_A\cukd_preprocess.o
 .comment       0x0000000000000039       0x3a C:\N Drive\Research\Cukd-XAI\CuKD-XAI\deployment\msp430\current_fgds_static\artifacts\student_A\msp430_smoke_main.o
 .comment       0x0000000000000039       0x3a c:/n drive/research/cukd-xai/.toolchains/ti-msp430/extracted/msp430-gcc-9.3.1.11_win64/bin/../lib/gcc/msp430-elf/9.3.1/430\libmul_16.a(lib2_mul_16bit.o)
 .comment       0x0000000000000039       0x3a c:/n drive/research/cukd-xai/.toolchains/ti-msp430/extracted/msp430-gcc-9.3.1.11_win64/bin/../lib/gcc/msp430-elf/9.3.1/../../../../msp430-elf/lib/430\libc.a(lib_a-memset.o)

.debug
 *(.debug)

.line
 *(.line)

.debug_srcinfo
 *(.debug_srcinfo)

.debug_sfnames
 *(.debug_sfnames)

.debug_aranges
 *(.debug_aranges)

.debug_pubnames
 *(.debug_pubnames)

.debug_info
 *(.debug_info .gnu.linkonce.wi.*)

.debug_abbrev
 *(.debug_abbrev)

.debug_line
 *(.debug_line .debug_line.* .debug_line_end)

.debug_frame
 *(.debug_frame)

.debug_str
 *(.debug_str)

.debug_loc
 *(.debug_loc)

.debug_macinfo
 *(.debug_macinfo)

.debug_weaknames
 *(.debug_weaknames)

.debug_funcnames
 *(.debug_funcnames)

.debug_typenames
 *(.debug_typenames)

.debug_varnames
 *(.debug_varnames)

.debug_pubtypes
 *(.debug_pubtypes)

.debug_ranges
 *(.debug_ranges)

.debug_macro
 *(.debug_macro)

/DISCARD/
 *(.note.GNU-stack)
                [!provide]                        PROVIDE (IE1 = 0x0)
                [!provide]                        PROVIDE (IFG1 = 0x2)
                [!provide]                        PROVIDE (ME1 = 0x4)
                [!provide]                        PROVIDE (IE2 = 0x1)
                [!provide]                        PROVIDE (IFG2 = 0x3)
                [!provide]                        PROVIDE (ME2 = 0x5)
                [!provide]                        PROVIDE (WDTCTL = 0x120)
                [!provide]                        PROVIDE (MPY = 0x130)
                [!provide]                        PROVIDE (MPYS = 0x132)
                [!provide]                        PROVIDE (MAC = 0x134)
                [!provide]                        PROVIDE (MACS = 0x136)
                [!provide]                        PROVIDE (OP2 = 0x138)
                [!provide]                        PROVIDE (RESLO = 0x13a)
                [!provide]                        PROVIDE (RESHI = 0x13c)
                [!provide]                        PROVIDE (SUMEXT = 0x13e)
                [!provide]                        PROVIDE (P1IN = 0x20)
                [!provide]                        PROVIDE (P1OUT = 0x21)
                [!provide]                        PROVIDE (P1DIR = 0x22)
                [!provide]                        PROVIDE (P1IFG = 0x23)
                [!provide]                        PROVIDE (P1IES = 0x24)
                [!provide]                        PROVIDE (P1IE = 0x25)
                [!provide]                        PROVIDE (P1SEL = 0x26)
                [!provide]                        PROVIDE (P2IN = 0x28)
                [!provide]                        PROVIDE (P2OUT = 0x29)
                [!provide]                        PROVIDE (P2DIR = 0x2a)
                [!provide]                        PROVIDE (P2IFG = 0x2b)
                [!provide]                        PROVIDE (P2IES = 0x2c)
                [!provide]                        PROVIDE (P2IE = 0x2d)
                [!provide]                        PROVIDE (P2SEL = 0x2e)
                [!provide]                        PROVIDE (P3IN = 0x18)
                [!provide]                        PROVIDE (P3OUT = 0x19)
                [!provide]                        PROVIDE (P3DIR = 0x1a)
                [!provide]                        PROVIDE (P3SEL = 0x1b)
                [!provide]                        PROVIDE (P4IN = 0x1c)
                [!provide]                        PROVIDE (P4OUT = 0x1d)
                [!provide]                        PROVIDE (P4DIR = 0x1e)
                [!provide]                        PROVIDE (P4SEL = 0x1f)
                [!provide]                        PROVIDE (P5IN = 0x30)
                [!provide]                        PROVIDE (P5OUT = 0x31)
                [!provide]                        PROVIDE (P5DIR = 0x32)
                [!provide]                        PROVIDE (P5SEL = 0x33)
                [!provide]                        PROVIDE (P6IN = 0x34)
                [!provide]                        PROVIDE (P6OUT = 0x35)
                [!provide]                        PROVIDE (P6DIR = 0x36)
                [!provide]                        PROVIDE (P6SEL = 0x37)
                [!provide]                        PROVIDE (U0CTL = 0x70)
                [!provide]                        PROVIDE (U0TCTL = 0x71)
                [!provide]                        PROVIDE (U0RCTL = 0x72)
                [!provide]                        PROVIDE (U0MCTL = 0x73)
                [!provide]                        PROVIDE (U0BR0 = 0x74)
                [!provide]                        PROVIDE (U0BR1 = 0x75)
                [!provide]                        PROVIDE (U0RXBUF = 0x76)
                [!provide]                        PROVIDE (U0TXBUF = 0x77)
                [!provide]                        PROVIDE (U1CTL = 0x78)
                [!provide]                        PROVIDE (U1TCTL = 0x79)
                [!provide]                        PROVIDE (U1RCTL = 0x7a)
                [!provide]                        PROVIDE (U1MCTL = 0x7b)
                [!provide]                        PROVIDE (U1BR0 = 0x7c)
                [!provide]                        PROVIDE (U1BR1 = 0x7d)
                [!provide]                        PROVIDE (U1RXBUF = 0x7e)
                [!provide]                        PROVIDE (U1TXBUF = 0x7f)
                [!provide]                        PROVIDE (I2CIE = 0x50)
                [!provide]                        PROVIDE (I2CIFG = 0x51)
                [!provide]                        PROVIDE (I2CNDAT = 0x52)
                [!provide]                        PROVIDE (I2CTCTL = 0x71)
                [!provide]                        PROVIDE (I2CDCTL = 0x72)
                [!provide]                        PROVIDE (I2CPSC = 0x73)
                [!provide]                        PROVIDE (I2CSCLH = 0x74)
                [!provide]                        PROVIDE (I2CSCLL = 0x75)
                [!provide]                        PROVIDE (I2CDRB = 0x76)
                [!provide]                        PROVIDE (I2CDRW = 0x76)
                [!provide]                        PROVIDE (I2COA = 0x118)
                [!provide]                        PROVIDE (I2CSA = 0x11a)
                [!provide]                        PROVIDE (I2CIV = 0x11c)
                [!provide]                        PROVIDE (TAIV = 0x12e)
                [!provide]                        PROVIDE (TACTL = 0x160)
                [!provide]                        PROVIDE (TACCTL0 = 0x162)
                [!provide]                        PROVIDE (TACCTL1 = 0x164)
                [!provide]                        PROVIDE (TACCTL2 = 0x166)
                [!provide]                        PROVIDE (TAR = 0x170)
                [!provide]                        PROVIDE (TACCR0 = 0x172)
                [!provide]                        PROVIDE (TACCR1 = 0x174)
                [!provide]                        PROVIDE (TACCR2 = 0x176)
                [!provide]                        PROVIDE (TBIV = 0x11e)
                [!provide]                        PROVIDE (TBCTL = 0x180)
                [!provide]                        PROVIDE (TBCCTL0 = 0x182)
                [!provide]                        PROVIDE (TBCCTL1 = 0x184)
                [!provide]                        PROVIDE (TBCCTL2 = 0x186)
                [!provide]                        PROVIDE (TBCCTL3 = 0x188)
                [!provide]                        PROVIDE (TBCCTL4 = 0x18a)
                [!provide]                        PROVIDE (TBCCTL5 = 0x18c)
                [!provide]                        PROVIDE (TBCCTL6 = 0x18e)
                [!provide]                        PROVIDE (TBR = 0x190)
                [!provide]                        PROVIDE (TBCCR0 = 0x192)
                [!provide]                        PROVIDE (TBCCR1 = 0x194)
                [!provide]                        PROVIDE (TBCCR2 = 0x196)
                [!provide]                        PROVIDE (TBCCR3 = 0x198)
                [!provide]                        PROVIDE (TBCCR4 = 0x19a)
                [!provide]                        PROVIDE (TBCCR5 = 0x19c)
                [!provide]                        PROVIDE (TBCCR6 = 0x19e)
                [!provide]                        PROVIDE (DCOCTL = 0x56)
                [!provide]                        PROVIDE (BCSCTL1 = 0x57)
                [!provide]                        PROVIDE (BCSCTL2 = 0x58)
                [!provide]                        PROVIDE (SVSCTL = 0x55)
                [!provide]                        PROVIDE (FCTL1 = 0x128)
                [!provide]                        PROVIDE (FCTL2 = 0x12a)
                [!provide]                        PROVIDE (FCTL3 = 0x12c)
                [!provide]                        PROVIDE (CACTL1 = 0x59)
                [!provide]                        PROVIDE (CACTL2 = 0x5a)
                [!provide]                        PROVIDE (CAPD = 0x5b)
                [!provide]                        PROVIDE (ADC12CTL0 = 0x1a0)
                [!provide]                        PROVIDE (ADC12CTL1 = 0x1a2)
                [!provide]                        PROVIDE (ADC12IFG = 0x1a4)
                [!provide]                        PROVIDE (ADC12IE = 0x1a6)
                [!provide]                        PROVIDE (ADC12IV = 0x1a8)
                [!provide]                        PROVIDE (ADC12MEM0 = 0x140)
                [!provide]                        PROVIDE (ADC12MEM1 = 0x142)
                [!provide]                        PROVIDE (ADC12MEM2 = 0x144)
                [!provide]                        PROVIDE (ADC12MEM3 = 0x146)
                [!provide]                        PROVIDE (ADC12MEM4 = 0x148)
                [!provide]                        PROVIDE (ADC12MEM5 = 0x14a)
                [!provide]                        PROVIDE (ADC12MEM6 = 0x14c)
                [!provide]                        PROVIDE (ADC12MEM7 = 0x14e)
                [!provide]                        PROVIDE (ADC12MEM8 = 0x150)
                [!provide]                        PROVIDE (ADC12MEM9 = 0x152)
                [!provide]                        PROVIDE (ADC12MEM10 = 0x154)
                [!provide]                        PROVIDE (ADC12MEM11 = 0x156)
                [!provide]                        PROVIDE (ADC12MEM12 = 0x158)
                [!provide]                        PROVIDE (ADC12MEM13 = 0x15a)
                [!provide]                        PROVIDE (ADC12MEM14 = 0x15c)
                [!provide]                        PROVIDE (ADC12MEM15 = 0x15e)
                [!provide]                        PROVIDE (ADC12MCTL0 = 0x80)
                [!provide]                        PROVIDE (ADC12MCTL1 = 0x81)
                [!provide]                        PROVIDE (ADC12MCTL2 = 0x82)
                [!provide]                        PROVIDE (ADC12MCTL3 = 0x83)
                [!provide]                        PROVIDE (ADC12MCTL4 = 0x84)
                [!provide]                        PROVIDE (ADC12MCTL5 = 0x85)
                [!provide]                        PROVIDE (ADC12MCTL6 = 0x86)
                [!provide]                        PROVIDE (ADC12MCTL7 = 0x87)
                [!provide]                        PROVIDE (ADC12MCTL8 = 0x88)
                [!provide]                        PROVIDE (ADC12MCTL9 = 0x89)
                [!provide]                        PROVIDE (ADC12MCTL10 = 0x8a)
                [!provide]                        PROVIDE (ADC12MCTL11 = 0x8b)
                [!provide]                        PROVIDE (ADC12MCTL12 = 0x8c)
                [!provide]                        PROVIDE (ADC12MCTL13 = 0x8d)
                [!provide]                        PROVIDE (ADC12MCTL14 = 0x8e)
                [!provide]                        PROVIDE (ADC12MCTL15 = 0x8f)
                [!provide]                        PROVIDE (DAC12_0CTL = 0x1c0)
                [!provide]                        PROVIDE (DAC12_1CTL = 0x1c2)
                [!provide]                        PROVIDE (DAC12_0DAT = 0x1c8)
                [!provide]                        PROVIDE (DAC12_1DAT = 0x1ca)
                [!provide]                        PROVIDE (DMACTL0 = 0x122)
                [!provide]                        PROVIDE (DMACTL1 = 0x124)
                [!provide]                        PROVIDE (DMA0CTL = 0x1e0)
                [!provide]                        PROVIDE (DMA1CTL = 0x1e8)
                [!provide]                        PROVIDE (DMA2CTL = 0x1f0)
                [!provide]                        PROVIDE (DMA0SA = 0x1e2)
                [!provide]                        PROVIDE (DMA0DA = 0x1e4)
                [!provide]                        PROVIDE (DMA0SZ = 0x1e6)
                [!provide]                        PROVIDE (DMA1SA = 0x1ea)
                [!provide]                        PROVIDE (DMA1DA = 0x1ec)
                [!provide]                        PROVIDE (DMA1SZ = 0x1ee)
                [!provide]                        PROVIDE (DMA2SA = 0x1f2)
                [!provide]                        PROVIDE (DMA2DA = 0x1f4)
                [!provide]                        PROVIDE (DMA2SZ = 0x1f6)
LOAD c:/n drive/research/cukd-xai/.toolchains/ti-msp430/extracted/msp430-gcc-9.3.1.11_win64/bin/../lib/gcc/msp430-elf/9.3.1/430\libgcc.a
LOAD c:/n drive/research/cukd-xai/.toolchains/ti-msp430/extracted/msp430-gcc-9.3.1.11_win64/bin/../lib/gcc/msp430-elf/9.3.1/430/crtend_no_eh.o
LOAD c:/n drive/research/cukd-xai/.toolchains/ti-msp430/extracted/msp430-gcc-9.3.1.11_win64/bin/../lib/gcc/msp430-elf/9.3.1/430\libgcc.a
OUTPUT(C:\N Drive\Research\Cukd-XAI\CuKD-XAI\deployment\msp430\current_fgds_static\artifacts\student_A\cukd_student_A_msp430f1611.elf elf32-msp430)
