FQBN: arduino:renesas_uno:unor4wifi
Using board 'unor4wifi' from platform in folder: /home/project/.arduino15/packages/arduino/hardware/renesas_uno/1.6.0
Using core 'arduino' from platform in folder: /home/project/.arduino15/packages/arduino/hardware/renesas_uno/1.6.0

Detecting libraries used...
Using cached library dependencies for file: /home/project/.cache/arduino/sketches/9CF49F54CD713D238E6F79CA0B7C97A1/sketch/train_only_student_A_seed42_arduino_r4_copy.ino.cpp.merged
Using cached library dependencies for file: /home/project/.cache/arduino/sketches/9CF49F54CD713D238E6F79CA0B7C97A1/sketch/cukd_model.c
Using cached library dependencies for file: /home/project/.cache/arduino/sketches/9CF49F54CD713D238E6F79CA0B7C97A1/sketch/cukd_preprocess.c
Using cached library dependencies for file: /home/project/.cache/arduino/sketches/9CF49F54CD713D238E6F79CA0B7C97A1/sketch/cukd_protocol.c
Generating function prototypes...
Using cached sketch with function prototypes.
Compiling sketch...
Using previously compiled file: /home/project/.cache/arduino/sketches/9CF49F54CD713D238E6F79CA0B7C97A1/sketch/cukd_model.c.o
Using previously compiled file: /home/project/.cache/arduino/sketches/9CF49F54CD713D238E6F79CA0B7C97A1/sketch/cukd_preprocess.c.o
Using previously compiled file: /home/project/.cache/arduino/sketches/9CF49F54CD713D238E6F79CA0B7C97A1/sketch/cukd_protocol.c.o
Using previously compiled file: /home/project/.cache/arduino/sketches/9CF49F54CD713D238E6F79CA0B7C97A1/sketch/train_only_student_A_seed42_arduino_r4_copy.ino.cpp.o
Compiling libraries...
Compiling core...
Using previously compiled file: /home/project/.cache/arduino/sketches/9CF49F54CD713D238E6F79CA0B7C97A1/core/tmp_gen_c_files/common_data.c.o
Using previously compiled file: /home/project/.cache/arduino/sketches/9CF49F54CD713D238E6F79CA0B7C97A1/core/tmp_gen_c_files/main.c.o
Using previously compiled file: /home/project/.cache/arduino/sketches/9CF49F54CD713D238E6F79CA0B7C97A1/core/tmp_gen_c_files/pin_data.c.o
Using previously compiled file: /home/project/.cache/arduino/sketches/9CF49F54CD713D238E6F79CA0B7C97A1/core/variant.cpp.o
Using precompiled core: /home/project/.cache/arduino/cores/arduino_renesas_uno_unor4wifi_384f18a4ac23b5d07c8da2dc8773018c/core.a
Linking everything together...
/home/project/.arduino15/packages/arduino/tools/arm-none-eabi-gcc/7-2017q4/bin/arm-none-eabi-g++ -Wl,--gc-sections --specs=nosys.specs -w -mcpu=cortex-m4 -mfloat-abi=hard -mfpu=fpv4-sp-d16 -o /home/project/.cache/arduino/sketches/9CF49F54CD713D238E6F79CA0B7C97A1/train_only_student_A_seed42_arduino_r4_copy.ino.elf -L/home/project/.cache/arduino/sketches/9CF49F54CD713D238E6F79CA0B7C97A1 -L/home/project/.arduino15/packages/arduino/hardware/renesas_uno/1.6.0/variants/UNOWIFIR4 -T/home/project/.arduino15/packages/arduino/hardware/renesas_uno/1.6.0/variants/UNOWIFIR4/fsp.ld /home/project/.cache/arduino/sketches/9CF49F54CD713D238E6F79CA0B7C97A1/sketch/cukd_model.c.o /home/project/.cache/arduino/sketches/9CF49F54CD713D238E6F79CA0B7C97A1/sketch/cukd_preprocess.c.o /home/project/.cache/arduino/sketches/9CF49F54CD713D238E6F79CA0B7C97A1/sketch/cukd_protocol.c.o /home/project/.cache/arduino/sketches/9CF49F54CD713D238E6F79CA0B7C97A1/sketch/train_only_student_A_seed42_arduino_r4_copy.ino.cpp.o /home/project/.cache/arduino/sketches/9CF49F54CD713D238E6F79CA0B7C97A1/core/tmp_gen_c_files/common_data.c.o /home/project/.cache/arduino/sketches/9CF49F54CD713D238E6F79CA0B7C97A1/core/tmp_gen_c_files/main.c.o /home/project/.cache/arduino/sketches/9CF49F54CD713D238E6F79CA0B7C97A1/core/tmp_gen_c_files/pin_data.c.o /home/project/.cache/arduino/sketches/9CF49F54CD713D238E6F79CA0B7C97A1/core/variant.cpp.o -Wl,--whole-archive -Wl,--start-group /home/project/.arduino15/packages/arduino/hardware/renesas_uno/1.6.0/variants/UNOWIFIR4/libs/libfsp.a /home/project/.cache/arduino/sketches/9CF49F54CD713D238E6F79CA0B7C97A1/../../cores/arduino_renesas_uno_unor4wifi_384f18a4ac23b5d07c8da2dc8773018c/core.a -Wl,--no-whole-archive --specs=nano.specs -lstdc++ -lsupc++ -lm -lc -lgcc -lnosys -Wl,--end-group -Wl,-Map,/home/project/.cache/arduino/sketches/9CF49F54CD713D238E6F79CA0B7C97A1/train_only_student_A_seed42_arduino_r4_copy.ino.map
/home/project/.arduino15/packages/arduino/tools/arm-none-eabi-gcc/7-2017q4/bin/arm-none-eabi-objcopy -O binary -j .text -j .data /home/project/.cache/arduino/sketches/9CF49F54CD713D238E6F79CA0B7C97A1/train_only_student_A_seed42_arduino_r4_copy.ino.elf /home/project/.cache/arduino/sketches/9CF49F54CD713D238E6F79CA0B7C97A1/train_only_student_A_seed42_arduino_r4_copy.ino.bin
/home/project/.arduino15/packages/arduino/tools/arm-none-eabi-gcc/7-2017q4/bin/arm-none-eabi-objcopy -O ihex -j .text -j .data /home/project/.cache/arduino/sketches/9CF49F54CD713D238E6F79CA0B7C97A1/train_only_student_A_seed42_arduino_r4_copy.ino.elf /home/project/.cache/arduino/sketches/9CF49F54CD713D238E6F79CA0B7C97A1/train_only_student_A_seed42_arduino_r4_copy.ino.hex
/home/project/.arduino15/packages/arduino/tools/arm-none-eabi-gcc/7-2017q4/bin/arm-none-eabi-size -A /home/project/.cache/arduino/sketches/9CF49F54CD713D238E6F79CA0B7C97A1/train_only_student_A_seed42_arduino_r4_copy.ino.elf
Sketch uses 56384 bytes (21%) of program storage space. Maximum is 262144 bytes.
Global variables use 7128 bytes (21%) of dynamic memory, leaving 25640 bytes for local variables. Maximum is 32768 bytes.

[92mUsed platform[0m       [92mVersion[0m [90mPath[0m
[93marduino:renesas_uno[0m 1.6.0   [90m/home/project/.arduino15/packages/arduino/hardware/renesas_uno/1.6.0[0m
